csi-xmsim - CSI: Command line:
xmsim
    -f /home/student22/ifx_summer_school_2025/simulation/sv_sim/xcelium.d/run.lnx8664.24.09.d/sonic3_411505/xmsim.args
        -INPUT @source /opt/cadence/installs/XCELIUM2409/tools/methodology/UVM/CDNS-1.1d/additions/sv/files/tcl/uvm_sim.tcl
        +incdir+/home/student22/ifx_summer_school_2025
        +incdir+/home/student22/ifx_summer_school_2025/source
        +incdir+/home/student22/ifx_summer_school_2025/source/v
        +incdir+/home/student22/ifx_summer_school_2025/source/v/rtl
        +incdir+/home/student22/ifx_summer_school_2025/source/v/tb
        +incdir+/home/student22/ifx_summer_school_2025/source/sv/filter_tb
        +incdir+/home/student22/ifx_summer_school_2025/source/sv/filter_tb/tb
        +incdir+/home/student22/ifx_summer_school_2025/source/sv/filter_tb/include
        +incdir+/home/student22/ifx_summer_school_2025/source/sv/filter_tb/include/uvcs
        +incdir+/home/student22/ifx_summer_school_2025/source/sv/filter_tb/include/uvcs/ifx_dig_data_bus_uvc
        +incdir+/home/student22/ifx_summer_school_2025/source/sv/filter_tb/include/uvcs/ifx_dig_data_bus_uvc/ifx_dig_data_bus_uvc_pkg_and_if
        +incdir+/home/student22/ifx_summer_school_2025/source/sv/filter_tb/include/uvcs/ifx_dig_pin_filter_uvc
        +incdir+/home/student22/ifx_summer_school_2025/source/sv/filter_tb/include/uvcs/ifx_dig_pin_filter_uvc/ifx_dig_data_bus_uvc_pkg_and_if
        +incdir+/home/student22/ifx_summer_school_2025/source/sv/filter_tb/include/env
        +incdir+/home/student22/ifx_summer_school_2025/source/sv/filter_tb/include/env/registers
        +incdir+/home/student22/ifx_summer_school_2025/source/sv/filter_tb/include/tests
        +incdir+/home/student22/ifx_summer_school_2025/source/sv/filter_tb/include/seq_lib
        -uvmhome /opt/cadence/installs/XCELIUM2409/tools/methodology/UVM/CDNS-1.1d
        -sv_lib /opt/cadence/installs/XCELIUM2409/tools/methodology/UVM/CDNS-1.1d/additions/sv/lib/64bit/libuvmpli.so
        +UVM_TESTNAME=ifx_dig_sfr_test
        -SVSEED 1234
        -gui
        -gui
        -INPUT run_gui.tcl
        -COVOVERWRITE
        -ERRORMAX 2
        -TCL
        -MESSAGES
        -SV_LIB /opt/cadence/installs/XCELIUM2409/tools/methodology/UVM/CDNS-1.1d/additions/sv/lib/64bit/libuvmdpi.so
        +EMGRLOG xrun.log
        -XLSTIME 1752655998
        -XLKEEP
        -XLMODE ./xcelium.d/run.lnx8664.24.09.d
        -RUNMODE
        -CDSLIB ./xcelium.d/run.lnx8664.24.09.d/cds.lib
        -HDLVAR ./xcelium.d/run.lnx8664.24.09.d/hdl.var
        -XLNAME xrun
        -XLVERSION TOOL:	xrun(64)	24.09-s005
        -XLNAME ./xcelium.d/run.lnx8664.24.09.d/sonic3_411505
    -CHECK_VERSION TOOL:	xrun(64)	24.09-s005
    -LOG_FD 4
    -LOG_FD_NAME xrun.log
    -cmdnopsim
    -runlock /home/student22/ifx_summer_school_2025/simulation/sv_sim/xcelium.d/run.lnx8664.24.09.d/.xmlib.lock
    -runscratch /home/student22/ifx_summer_school_2025/simulation/sv_sim/xcelium.d/run.lnx8664.24.09.d/sonic3_411505
Observed simulation time : 28465 NS + 81

csi-xmsim - CSI: *F,INTERR: INTERNAL EXCEPTION
-----------------------------------------------------------------
The tool has encountered an unexpected condition and must exit.
Contact Cadence Design Systems customer support about this
problem and provide enough information to help us reproduce it,
including the logfile that contains this error message.
  TOOL:	xmsim(64)	24.09-s005 (CL: 727498 )
  HOSTNAME: sonic3
  OPERATING SYSTEM: Linux 5.14.0-427.28.1.el9_4.x86_64 #1 SMP PREEMPT_DYNAMIC Fri Aug 2 03:44:10 EDT 2024 x86_64
  MESSAGE: sv_seghandler - trapno -1 addr(0x30)
-----------------------------------------------------------------

csi-xmsim - CSI: Cadence Support Investigation, recording details
External Code in function: <unavailable> offset -65513
External Code in function: <unavailable> offset -65533
External Code in function: <unavailable> offset -65516
External Code in function: <unavailable> offset -65536
Verilog Syntax Tree: logical equality expression (VST_E_LOGICAL_EQUALITY) in module worklib.filter:v (VST)
	File: /home/student22/ifx_summer_school_2025/source/sv/rtl/filter.v, line 82, position 41
	Decompile: (data_in == data_out_reg_s)
	Source  : 			((filter_type_i == 2'b11) & (data_in == data_out_reg_s)); // rise & fall filter type and input is the 
	Position: 			                                      ^
Verilog Syntax Tree: identifier expression (VST_E_IDENTIFIER) in module worklib.filter:v (VST)
	File: /home/student22/ifx_summer_school_2025/source/sv/rtl/filter.v, line 82, position 56
	Scope: filter
	Decompile: data_out_reg_s
	Source  : 			((filter_type_i == 2'b11) & (data_in == data_out_reg_s)); // rise & fall filter type and input is the 
	Position: 			                                                     ^
Verilog Syntax Tree: forever statement (VST_S_FOREVER) in module worklib.ifx_dig_top:sv (VST)
	File: /home/student22/ifx_summer_school_2025/source/sv/filter_tb/tb/ifx_dig_top.sv, line 166, position 14
	Scope: ifx_dig_top.generate_clock
	Decompile: unable to decompile type 643
	Source  :         forever begin
	Position:               ^
Verilog Syntax Tree: case statement (VST_S_CASE) in module worklib.ifx_dig_top:sv (VST)
	File: /home/student22/ifx_summer_school_2025/source/sv/filter_tb/tb/ifx_dig_top.sv, line 160, position 11
	Scope: ifx_dig_top.generate_clock
	Decompile: time_unit
	Source  :         case(time_unit)
	Position:            ^
Verilog Syntax Tree: task enable statement (VST_S_TASK_ENABLE) in module worklib.ifx_dig_top:sv (VST)
	File: /home/student22/ifx_summer_school_2025/source/sv/filter_tb/tb/ifx_dig_top.sv, line 181, position 67
	Scope: ifx_dig_top
	Decompile: unable to decompile type 651
	Source  :         uvm_config_db #(virtual ifx_dig_data_bus_uvc_interface)::set(uvm_top, "data_bus_uvc_agt", "vif", data_uvc_if);
	Position:                                                                    ^
Verilog Syntax Tree: string expression (VST_E_STRING) in module worklib.ifx_dig_top:sv (VST)
	File: /home/student22/ifx_summer_school_2025/source/sv/filter_tb/tb/ifx_dig_top.sv, line 163, position 11
	Decompile: "ms"
	Source  :         "ms": clk_half_per_ps = period*1e9/2;
	Position:            ^
Intermediate File: root (IF_ROOT) in module worklib.ifx_dig_top:sv (VST)
Verilog Syntax Tree: blocking assignment statement (VST_S_BLOCKING_ASSIGNMENT) in module worklib.ifx_dig_top:sv (VST)
	File: /home/student22/ifx_summer_school_2025/source/sv/filter_tb/tb/ifx_dig_top.sv, line 163, position 30
	Scope: ifx_dig_top.generate_clock
	Decompile: ((period * 1000000000.000000000000000) / 2)
	Source  :         "ms": clk_half_per_ps = period*1e9/2;
	Position:                               ^
Verilog Syntax Tree: item case (VST_CASE_ITEM) in module worklib.ifx_dig_top:sv (VST)
	Decompile: unable to decompile type 675
Verilog Syntax Tree: overlay table (VST_OVERLAY_TABLE) in module worklib.ifx_dig_top:sv (SIG) <0x4ebb5a6f>
	Decompile: ifx_dig_top
Verilog Syntax Tree: root (VST_ROOT) in module worklib.ifx_dig_top:sv (VST)
	File: /home/student22/ifx_summer_school_2025/source/sv/filter_tb/tb/ifx_dig_top.sv, line 19, position 5
	Decompile: ifx_dig_top
	Source  : module ifx_dig_top;
	Position:      ^
Verilog Syntax Tree: blocking assignment statement (VST_S_BLOCKING_ASSIGNMENT) in module worklib.ifx_dig_top:sv (VST)
	File: /home/student22/ifx_summer_school_2025/source/sv/filter_tb/tb/ifx_dig_top.sv, line 167, position 41
	Scope: ifx_dig_top.generate_clock
	Decompile: !clk
	Source  :             #(clk_half_per_ps * 1ps) clk = !clk;
	Position:                                          ^
Verilog Syntax Tree: string expression (VST_E_STRING) in module worklib.ifx_dig_top:sv (VST)
	File: /home/student22/ifx_summer_school_2025/source/sv/filter_tb/tb/ifx_dig_top.sv, line 162, position 11
	Decompile: "us"
	Source  :         "us": clk_half_per_ps = period*1e6/2;
	Position:            ^
Verilog Syntax Tree: sequential block statement (VST_S_SEQ_BLOCK) in module worklib.ifx_dig_top:sv (VST)
	File: /home/student22/ifx_summer_school_2025/source/sv/filter_tb/tb/ifx_dig_top.sv, line 166, position 20
	Scope: ifx_dig_top.generate_clock
	Source  :         forever begin
	Position:                     ^
Verilog Syntax Tree: sequential block statement (VST_S_SEQ_BLOCK) in interface worklib.ifx_dig_pin_filter_uvc_interface:sv (VST)
	File: /home/student22/ifx_summer_school_2025/source/sv/filter_tb/include/uvcs/ifx_dig_pin_filter_uvc/ifx_dig_pin_filter_uvc_pkg_and_if/ifx_dig_pin_filter_uvc_interface.sv, line 69, position 21
	Scope: ifx_dig_pin_filter_uvc_interface
	Source  :         end else begin
	Position:                      ^
Intermediate File: root (IF_ROOT) in interface worklib.ifx_dig_pin_filter_uvc_interface:sv (VST)
Verilog Syntax Tree: sequential block statement (VST_S_SEQ_BLOCK) in module worklib.synchronizer_block:v (VST)
	File: /home/student22/ifx_summer_school_2025/source/sv/rtl/synchronizer_block.v, line 63, position 14
	Scope: synchronizer_block
	Source  : 	end else begin 
	Position: 	             ^
Intermediate File: root (IF_ROOT) in module worklib.synchronizer_block:v (VST)
Verilog Syntax Tree: identifier expression (VST_E_IDENTIFIER) in module worklib.synchronizer_block:v (VST)
	File: /home/student22/ifx_summer_school_2025/source/sv/rtl/synchronizer_block.v, line 34, position 29
	Scope: synchronizer_block
	Decompile: data_in
	Source  : 		data_in_sync1_s   <= data_in;
	Position: 		                           ^
Verilog Syntax Tree: plus expression (VST_E_PLUS) in module worklib.register_block:v (VST)
	File: /home/student22/ifx_summer_school_2025/source/sv/rtl/register_bank.v, line 78, position 43
	Decompile: (N + j)
	Source  : 				if(acc_en_i && !wr_en_i && (addr_i == N+j)) //clear command
	Position: 				                                       ^
External Code in function: <unavailable> offset -57344
Verilog Syntax Tree: identifier expression (VST_E_IDENTIFIER) in interface worklib.ifx_dig_pin_filter_uvc_interface:sv (VST)
	File: /home/student22/ifx_summer_school_2025/source/sv/filter_tb/include/uvcs/ifx_dig_pin_filter_uvc/ifx_dig_pin_filter_uvc_pkg_and_if/ifx_dig_pin_filter_uvc_interface.sv, line 70, position 70
	Scope: ifx_dig_pin_filter_uvc_interface
	Decompile: pin_s_async1
	Source  :             pin_s_sync2 <= filt_reset_type ? pin_s_sync1 : pin_s_async1; // select the first stage based on the reset type
	Position:                                                                       ^
Verilog Syntax Tree: real number expression (VST_E_REAL_NUMBER) in module worklib.ifx_dig_top:sv (VST)
	File: /home/student22/ifx_summer_school_2025/source/sv/filter_tb/tb/ifx_dig_top.sv, line 163, position 41
	Decompile: 1000000000.000000000000000
	Source  :         "ms": clk_half_per_ps = period*1e9/2;
	Position:                                          ^
Verilog Syntax Tree: identifier expression (VST_E_IDENTIFIER) in module worklib.register_block:v (VST)
	File: /home/student22/ifx_summer_school_2025/source/sv/rtl/register_bank.v, line 78, position 44
	Scope: register_block.genblk2
	Decompile: j
	Source  : 				if(acc_en_i && !wr_en_i && (addr_i == N+j)) //clear command
	Position: 				                                        ^
Verilog Syntax Tree: if statement (VST_S_IF) in module worklib.register_block:v (VST)
	File: /home/student22/ifx_summer_school_2025/source/sv/rtl/register_bank.v, line 99, position 8
	Scope: register_block
	Decompile: (addr_i < (N + NUM_STATUS_REGS))
	Source  : 		else if (addr_i < N+ NUM_STATUS_REGS)
	Position: 		      ^
Verilog Syntax Tree: if statement (VST_S_IF) in module worklib.filter:v (VST)
	File: /home/student22/ifx_summer_school_2025/source/sv/rtl/filter.v, line 122, position 8
	Scope: filter
	Decompile: ((filter_type_i == 2'b01) & !data_in)
	Source  : 		else if ((filter_type_i == 2'b01) & !data_in)  // rise type filter and input l0w
	Position: 		      ^
Verilog Syntax Tree: nonblocking assignment statement (VST_S_NONBLOCKING_ASSIGNMENT) in module worklib.filter:v (VST)
	File: /home/student22/ifx_summer_school_2025/source/sv/rtl/filter.v, line 145, position 15
	Scope: filter
	Decompile: 1'b0
	Source  : 			in_int_o   <=  1'b0; // 1 clock cycle pulse 	
	Position: 			            ^
Intermediate File: root (IF_ROOT) in module worklib.filter:v (VST)
Verilog Syntax Tree: nonblocking assignment statement (VST_S_NONBLOCKING_ASSIGNMENT) in module worklib.register_block:v (VST)
	File: /home/student22/ifx_summer_school_2025/source/sv/rtl/register_bank.v, line 105, position 12
	Scope: register_block
	Decompile: 8'b00000000
	Source  : 			rdata_o <=   8'b0000_0000;
	Position: 			         ^
Simulator Snap Shot: gd (SSS_GD) in snapshot worklib.ifx_dig_top:sv (SSS)
Verilog Syntax Tree: identifier expression (VST_E_IDENTIFIER) in module worklib.filter:v (VST)
	File: /home/student22/ifx_summer_school_2025/source/sv/rtl/filter.v, line 120, position 38
	Scope: filter
	Decompile: data_out_reg_s
	Source  : 			data_out_reg_s   <=  !data_out_reg_s;
	Position: 			                                   ^
Verilog Syntax Tree: module declaration (VST_D_MODULE) in module worklib.ifx_dig_top:sv (VST)
	File: /home/student22/ifx_summer_school_2025/source/sv/filter_tb/tb/ifx_dig_top.sv, line 19, position 17
	Scope: ifx_dig_top
	Decompile: ifx_dig_top
	Source  : module ifx_dig_top;
	Position:                  ^
Intermediate File: string (IF_STRING) in module worklib.ifx_dig_top:sv (VST)
	Decompile: ifx_dig_top
Verilog Syntax Tree: package declaration (VST_D_PACKAGE) in verilog_package worklib.uvm_pkg:sv (VST)
	File: /opt/cadence/installs/XCELIUM2409/tools/methodology/UVM/CDNS-1.1d/sv/src/uvm_pkg.sv, line 27, position 14
	Scope: uvm_pkg
	Decompile: uvm_pkg
	Source  : package uvm_pkg;
	Position:               ^
Verilog Syntax Tree: overlay table (VST_OVERLAY_TABLE) in module worklib.ifx_dig_top:sv (SIG) <0x4ebb5a6f>
	Decompile: ifx_dig_test_pkg
Verilog Syntax Tree: package declaration (VST_D_PACKAGE) in verilog_package worklib.ifx_dig_test_pkg:sv (VST)
	File: /home/student22/ifx_summer_school_2025/source/sv/filter_tb/include/tests/ifx_dig_test_pkg.sv, line 18, position 23
	Scope: ifx_dig_test_pkg
	Decompile: ifx_dig_test_pkg
	Source  : package ifx_dig_test_pkg;
	Position:                        ^
Intermediate File: data block (IF_BLK) in snapshot worklib.ifx_dig_top:sv (SSS)
Verilog Syntax Tree: class declaration (VST_D_CLASS) in verilog_package worklib.uvm_pkg:sv (VST)
	File: /opt/cadence/installs/XCELIUM2409/tools/methodology/UVM/CDNS-1.1d/sv/src/base/uvm_root.svh, line 68, position 13
	Scope: uvm_pkg::uvm_root
	Decompile: uvm_pkg::uvm_root
	Source  : class uvm_root extends uvm_component;
	Position:              ^
Intermediate File: array of pointers (IF_PTRBLK) in snapshot worklib.ifx_dig_top:sv (SSS)
Verilog Syntax Tree: module declaration (VST_D_MODULE) in interface worklib.ifx_dig_data_bus_uvc_interface:sv (VST)
	File: /home/student22/ifx_summer_school_2025/source/sv/filter_tb/include/uvcs/ifx_dig_data_bus_uvc/ifx_dig_data_bus_uvc_pkg_and_if/ifx_dig_data_bus_uvc_interface.sv, line 16, position 39
	Scope: ifx_dig_data_bus_uvc_interface
	Decompile: ifx_dig_data_bus_uvc_interface
	Source  : interface ifx_dig_data_bus_uvc_interface
	Position:                                        ^
Verilog Syntax Tree: if statement (VST_S_IF) in module worklib.filter:v (VST)
	File: /home/student22/ifx_summer_school_2025/source/sv/rtl/filter.v, line 126, position 8
	Scope: filter
	Decompile: ((filter_type_i == 2'b10) & data_in)
	Source  : 		else if ((filter_type_i == 2'b10) & data_in)  // fall type filter and input high
	Position: 		      ^
Verilog Syntax Tree: root (VST_ROOT) in module worklib.filter:v (VST)
	File: /home/student22/ifx_summer_school_2025/source/sv/rtl/filter.v, line 1, position 5
	Decompile: filter
	Source  : module filter (
	Position:      ^
Simulator Snap Shot: top level instance (SSS_TLI) in snapshot worklib.ifx_dig_top:sv (SSS)
Verilog Syntax Tree: nonblocking assignment statement (VST_S_NONBLOCKING_ASSIGNMENT) in module worklib.filter:v (VST)
	File: /home/student22/ifx_summer_school_2025/source/sv/rtl/filter.v, line 128, position 21
	Scope: filter
	Decompile: 1'b1
	Source  : 			data_out_reg_s   <=  1'b1;		
	Position: 			                  ^
External Code in function: <unavailable> offset -29704
Intermediate File: string (IF_STRING) in snapshot worklib.ifx_dig_top:sv (SSS)
	Decompile: /opt/cadence/installs/XCELIUM2409/tools/lib/64bit/libsdi-verilog-nld
Simulator Snap Shot: dynlib (SSS_DYNLIB) in snapshot worklib.ifx_dig_top:sv (SSS)
Intermediate File: string (IF_STRING) in interface worklib.ifx_dig_data_bus_uvc_interface:sv (VST)
	Decompile: wdata_o
Verilog Syntax Tree: root (VST_ROOT) in interface worklib.ifx_dig_data_bus_uvc_interface:sv (VST)
	File: /home/student22/ifx_summer_school_2025/source/sv/filter_tb/include/uvcs/ifx_dig_data_bus_uvc/ifx_dig_data_bus_uvc_pkg_and_if/ifx_dig_data_bus_uvc_interface.sv, line 16, position 8
	Decompile: ifx_dig_data_bus_uvc_interface
	Source  : interface ifx_dig_data_bus_uvc_interface
	Position:         ^
Verilog Syntax Tree: register declaration (VST_D_REG) in interface worklib.ifx_dig_data_bus_uvc_interface:sv (VST)
	File: /home/student22/ifx_summer_school_2025/source/sv/filter_tb/include/uvcs/ifx_dig_data_bus_uvc/ifx_dig_data_bus_uvc_pkg_and_if/ifx_dig_data_bus_uvc_interface.sv, line 26, position 34
	Scope: ifx_dig_data_bus_uvc_interface
	Decompile: bit wdata_o
	Source  :     output bit[`DWIDTH-1:0] wdata_o
	Position:                                   ^
Intermediate File: root (IF_ROOT) in interface worklib.ifx_dig_data_bus_uvc_interface:sv (VST)
Verilog Syntax Tree: if statement (VST_S_IF) in module worklib.filter:v (VST)
	File: /home/student22/ifx_summer_school_2025/source/sv/rtl/filter.v, line 103, position 8
	Scope: filter
	Decompile: (counter_filter_s > 0)
	Source  : 		else if (counter_filter_s > 0)
	Position: 		      ^
Verilog Syntax Tree: nonblocking assignment statement (VST_S_NONBLOCKING_ASSIGNMENT) in module worklib.filter:v (VST)
	File: /home/student22/ifx_summer_school_2025/source/sv/rtl/filter.v, line 105, position 23
	Scope: filter
	Decompile: (counter_filter_s - 1)
	Source  : 			counter_filter_s   <= counter_filter_s - 1; // count 
	Position: 			                    ^
Verilog Syntax Tree: minus expression (VST_E_MINUS) in module worklib.filter:v (VST)
	File: /home/student22/ifx_summer_school_2025/source/sv/rtl/filter.v, line 105, position 42
	Decompile: (counter_filter_s - 1)
	Source  : 			counter_filter_s   <= counter_filter_s - 1; // count 
	Position: 			                                       ^
Verilog Syntax Tree: number expression (VST_E_NUMBER) in module worklib.filter:v (VST)
	File: /home/student22/ifx_summer_school_2025/source/sv/rtl/filter.v, line 105, position 44
	Decompile: 1
	Source  : 			counter_filter_s   <= counter_filter_s - 1; // count 
	Position: 			                                         ^
Simulator Snap Shot: root (SSS_ROOT) in snapshot worklib.ifx_dig_top:sv (SSS)
External Code in function: <unavailable> offset -65534
User Code in function: <unavailable> offset 47666898
csi-xmsim - CSI: investigation complete took 0.076 secs, send this file to Cadence Support
